key0	key1	tql_values	wtf
134	406	-20	-0.250000
135	416	-21	-1.250000
