id	aint	bchar	cdouble
2	4144958	b	NULL
6	4144958	b	4144958
10	20	c	4144958
7	17	c	100
9	17	a	900
4	14	NULL	4144958
1	11	c	100
3	11	c	100
5	11	a	100
8	NULL	b	4144958
id	aint	bchar	cdouble
2	4144958	b	NULL
6	4144958	b	4144958
10	20	c	4144958
7	17	c	100
9	17	a	900
4	14	NULL	4144958
5	11	a	100
1	11	c	100
3	11	c	100
8	NULL	b	4144958
