course	COUNT(score)	AVG(score)	MIN(score)	MAX(score)	STDDEV(score)
Calculus	12	79.8333	37	100	20.41581630882183
LinearAlgebra	10	71.4000	34	97	18.18350901228913
OOP	14	80.5000	47	100	16.31716887208072
